Archive member included to satisfy reference by file (symbol)

c:/users/hafsa/onedrive/bureau/nios2eds/bin/gnu/h-x86_64-mingw32/bin/../lib/gcc/nios2-elf/5.3.0/../../../../../H-x86_64-mingw32/nios2-elf/lib/mno-hw-mul\libsmallc.a(lib_a-printf.o)
                              obj/default/hello_world_small.o (printf)
c:/users/hafsa/onedrive/bureau/nios2eds/bin/gnu/h-x86_64-mingw32/bin/../lib/gcc/nios2-elf/5.3.0/../../../../../H-x86_64-mingw32/nios2-elf/lib/mno-hw-mul\libsmallc.a(lib_a-vfprintf.o)
                              c:/users/hafsa/onedrive/bureau/nios2eds/bin/gnu/h-x86_64-mingw32/bin/../lib/gcc/nios2-elf/5.3.0/../../../../../H-x86_64-mingw32/nios2-elf/lib/mno-hw-mul\libsmallc.a(lib_a-printf.o) (___vfprintf_internal_r)
c:/users/hafsa/onedrive/bureau/nios2eds/bin/gnu/h-x86_64-mingw32/bin/../lib/gcc/nios2-elf/5.3.0/../../../../../H-x86_64-mingw32/nios2-elf/lib/mno-hw-mul\libsmallc.a(lib_a-fvwrite_small_dev.o)
                              c:/users/hafsa/onedrive/bureau/nios2eds/bin/gnu/h-x86_64-mingw32/bin/../lib/gcc/nios2-elf/5.3.0/../../../../../H-x86_64-mingw32/nios2-elf/lib/mno-hw-mul\libsmallc.a(lib_a-printf.o) (__sfvwrite_small_dev)
c:/users/hafsa/onedrive/bureau/nios2eds/bin/gnu/h-x86_64-mingw32/bin/../lib/gcc/nios2-elf/5.3.0/../../../../../H-x86_64-mingw32/nios2-elf/lib/mno-hw-mul\libsmallc.a(lib_a-impure.o)
                              c:/users/hafsa/onedrive/bureau/nios2eds/bin/gnu/h-x86_64-mingw32/bin/../lib/gcc/nios2-elf/5.3.0/../../../../../H-x86_64-mingw32/nios2-elf/lib/mno-hw-mul\libsmallc.a(lib_a-printf.o) (_impure_ptr)
c:/users/hafsa/onedrive/bureau/nios2eds/bin/gnu/h-x86_64-mingw32/bin/../lib/gcc/nios2-elf/5.3.0/../../../../../H-x86_64-mingw32/nios2-elf/lib/mno-hw-mul\libsmallc.a(lib_a-strlen.o)
                              c:/users/hafsa/onedrive/bureau/nios2eds/bin/gnu/h-x86_64-mingw32/bin/../lib/gcc/nios2-elf/5.3.0/../../../../../H-x86_64-mingw32/nios2-elf/lib/mno-hw-mul\libsmallc.a(lib_a-vfprintf.o) (strlen)
c:/users/hafsa/onedrive/bureau/nios2eds/bin/gnu/h-x86_64-mingw32/bin/../lib/gcc/nios2-elf/5.3.0/../../../../../H-x86_64-mingw32/nios2-elf/lib/mno-hw-mul\libsmallc.a(lib_a-writer.o)
                              c:/users/hafsa/onedrive/bureau/nios2eds/bin/gnu/h-x86_64-mingw32/bin/../lib/gcc/nios2-elf/5.3.0/../../../../../H-x86_64-mingw32/nios2-elf/lib/mno-hw-mul\libsmallc.a(lib_a-fvwrite_small_dev.o) (_write_r)
c:/users/hafsa/onedrive/bureau/nios2eds/bin/gnu/h-x86_64-mingw32/bin/../lib/gcc/nios2-elf/5.3.0/../../../../../H-x86_64-mingw32/nios2-elf/lib/mno-hw-mul\libsmallc.a(lib_a-int_errno.o)
                              c:/users/hafsa/onedrive/bureau/nios2eds/bin/gnu/h-x86_64-mingw32/bin/../lib/gcc/nios2-elf/5.3.0/../../../../../H-x86_64-mingw32/nios2-elf/lib/mno-hw-mul\libsmallc.a(lib_a-writer.o) (errno)
c:/users/hafsa/onedrive/bureau/nios2eds/bin/gnu/h-x86_64-mingw32/bin/../lib/gcc/nios2-elf/5.3.0/mno-hw-mul\libgcc.a(lib2-divmod.o)
                              c:/users/hafsa/onedrive/bureau/nios2eds/bin/gnu/h-x86_64-mingw32/bin/../lib/gcc/nios2-elf/5.3.0/../../../../../H-x86_64-mingw32/nios2-elf/lib/mno-hw-mul\libsmallc.a(lib_a-vfprintf.o) (__udivsi3)
c:/users/hafsa/onedrive/bureau/nios2eds/bin/gnu/h-x86_64-mingw32/bin/../lib/gcc/nios2-elf/5.3.0/mno-hw-mul\libgcc.a(lib2-mul.o)
                              c:/users/hafsa/onedrive/bureau/nios2eds/bin/gnu/h-x86_64-mingw32/bin/../lib/gcc/nios2-elf/5.3.0/../../../../../H-x86_64-mingw32/nios2-elf/lib/mno-hw-mul\libsmallc.a(lib_a-vfprintf.o) (__mulsi3)
../hafsa_bsp/\libhal_bsp.a(alt_load.o)
                              ../hafsa_bsp//obj/HAL/src/crt0.o (alt_load)
../hafsa_bsp/\libhal_bsp.a(alt_main.o)
                              ../hafsa_bsp//obj/HAL/src/crt0.o (alt_main)
../hafsa_bsp/\libhal_bsp.a(alt_putstr.o)
                              obj/default/hello_world_small.o (alt_putstr)
../hafsa_bsp/\libhal_bsp.a(alt_usleep.o)
                              obj/default/hello_world_small.o (usleep)
../hafsa_bsp/\libhal_bsp.a(alt_write.o)
                              c:/users/hafsa/onedrive/bureau/nios2eds/bin/gnu/h-x86_64-mingw32/bin/../lib/gcc/nios2-elf/5.3.0/../../../../../H-x86_64-mingw32/nios2-elf/lib/mno-hw-mul\libsmallc.a(lib_a-writer.o) (write)
../hafsa_bsp/\libhal_bsp.a(alt_sys_init.o)
                              ../hafsa_bsp/\libhal_bsp.a(alt_main.o) (alt_irq_init)
../hafsa_bsp/\libhal_bsp.a(altera_avalon_jtag_uart_write.o)
                              ../hafsa_bsp/\libhal_bsp.a(alt_putstr.o) (altera_avalon_jtag_uart_write)
../hafsa_bsp/\libhal_bsp.a(alt_busy_sleep.o)
                              ../hafsa_bsp/\libhal_bsp.a(alt_usleep.o) (alt_busy_sleep)
../hafsa_bsp/\libhal_bsp.a(alt_dcache_flush_all.o)
                              ../hafsa_bsp/\libhal_bsp.a(alt_load.o) (alt_dcache_flush_all)
../hafsa_bsp/\libhal_bsp.a(alt_errno.o)
                              ../hafsa_bsp/\libhal_bsp.a(alt_write.o) (alt_errno)
../hafsa_bsp/\libhal_bsp.a(alt_icache_flush_all.o)
                              ../hafsa_bsp/\libhal_bsp.a(alt_load.o) (alt_icache_flush_all)
../hafsa_bsp/\libhal_bsp.a(altera_nios2_gen2_irq.o)
                              ../hafsa_bsp/\libhal_bsp.a(alt_sys_init.o) (altera_nios2_gen2_irq_init)

Allocating common symbols
Common symbol       size              file

errno               0x4               c:/users/hafsa/onedrive/bureau/nios2eds/bin/gnu/h-x86_64-mingw32/bin/../lib/gcc/nios2-elf/5.3.0/../../../../../H-x86_64-mingw32/nios2-elf/lib/mno-hw-mul\libsmallc.a(lib_a-int_errno.o)
a                   0x4               obj/default/hello_world_small.o

Memory Configuration

Name             Origin             Length             Attributes
reset            0x0000000000008000 0x0000000000000020
memoire          0x0000000000008020 0x0000000000004fe0
*default*        0x0000000000000000 0xffffffffffffffff

Linker script and memory map

LOAD ../hafsa_bsp//obj/HAL/src/crt0.o
LOAD obj/default/hello_world_small.o
LOAD c:/users/hafsa/onedrive/bureau/nios2eds/bin/gnu/h-x86_64-mingw32/bin/../lib/gcc/nios2-elf/5.3.0/../../../../../H-x86_64-mingw32/nios2-elf/lib/mno-hw-mul\libstdc++.a
LOAD c:/users/hafsa/onedrive/bureau/nios2eds/bin/gnu/h-x86_64-mingw32/bin/../lib/gcc/nios2-elf/5.3.0/../../../../../H-x86_64-mingw32/nios2-elf/lib/mno-hw-mul\libm.a
LOAD c:/users/hafsa/onedrive/bureau/nios2eds/bin/gnu/h-x86_64-mingw32/bin/../lib/gcc/nios2-elf/5.3.0/mno-hw-mul\libgcc.a
START GROUP
LOAD c:/users/hafsa/onedrive/bureau/nios2eds/bin/gnu/h-x86_64-mingw32/bin/../lib/gcc/nios2-elf/5.3.0/../../../../../H-x86_64-mingw32/nios2-elf/lib/mno-hw-mul\libsmallc.a
LOAD c:/users/hafsa/onedrive/bureau/nios2eds/bin/gnu/h-x86_64-mingw32/bin/../lib/gcc/nios2-elf/5.3.0/mno-hw-mul\libgcc.a
LOAD ../hafsa_bsp/\libhal_bsp.a
LOAD c:/users/hafsa/onedrive/bureau/nios2eds/bin/gnu/h-x86_64-mingw32/bin/../lib/gcc/nios2-elf/5.3.0/../../../../../H-x86_64-mingw32/nios2-elf/lib/mno-hw-mul\libm.a
END GROUP
LOAD c:/users/hafsa/onedrive/bureau/nios2eds/bin/gnu/h-x86_64-mingw32/bin/../lib/gcc/nios2-elf/5.3.0/mno-hw-mul\libgcc.a
                0x0000000000008000                __alt_mem_memoire = 0x8000

.entry          0x0000000000008000       0x20
 *(.entry)
 .entry         0x0000000000008000       0x20 ../hafsa_bsp//obj/HAL/src/crt0.o
                0x0000000000008000                __reset
                0x000000000000800c                _exit

.exceptions     0x0000000000008020        0x0
                0x0000000000008020                PROVIDE (__ram_exceptions_start, ABSOLUTE (.))
                0x0000000000008020                . = ALIGN (0x20)
 *(.irq)
 *(.exceptions.entry.label)
 *(.exceptions.entry.user)
 *(.exceptions.entry.ecc_fatal)
 *(.exceptions.entry)
 *(.exceptions.irqtest.user)
 *(.exceptions.irqtest)
 *(.exceptions.irqhandler.user)
 *(.exceptions.irqhandler)
 *(.exceptions.irqreturn.user)
 *(.exceptions.irqreturn)
 *(.exceptions.notirq.label)
 *(.exceptions.notirq.user)
 *(.exceptions.notirq)
 *(.exceptions.soft.user)
 *(.exceptions.soft)
 *(.exceptions.unknown.user)
 *(.exceptions.unknown)
 *(.exceptions.exit.label)
 *(.exceptions.exit.user)
 *(.exceptions.exit)
 *(.exceptions)
                0x0000000000008020                PROVIDE (__ram_exceptions_end, ABSOLUTE (.))
                0x0000000000008020                PROVIDE (__flash_exceptions_start, LOADADDR (.exceptions))

.text           0x0000000000008020      0xcb8
                [!provide]                        PROVIDE (stext, ABSOLUTE (.))
 *(.interp)
 *(.hash)
 *(.dynsym)
 *(.dynstr)
 *(.gnu.version)
 *(.gnu.version_d)
 *(.gnu.version_r)
 *(.rel.init)
 *(.rela.init)
 *(.rel.text .rel.text.* .rel.gnu.linkonce.t.*)
 *(.rela.text .rela.text.* .rela.gnu.linkonce.t.*)
 *(.rel.fini)
 *(.rela.fini)
 *(.rel.rodata .rel.rodata.* .rel.gnu.linkonce.r.*)
 *(.rela.rodata .rela.rodata.* .rela.gnu.linkonce.r.*)
 *(.rel.data .rel.data.* .rel.gnu.linkonce.d.*)
 *(.rela.data .rela.data.* .rela.gnu.linkonce.d.*)
 *(.rel.tdata .rel.tdata.* .rel.gnu.linkonce.td.*)
 *(.rela.tdata .rela.tdata.* .rela.gnu.linkonce.td.*)
 *(.rel.tbss .rel.tbss.* .rel.gnu.linkonce.tb.*)
 *(.rela.tbss .rela.tbss.* .rela.gnu.linkonce.tb.*)
 *(.rel.ctors)
 *(.rela.ctors)
 *(.rel.dtors)
 *(.rela.dtors)
 *(.rel.got)
 *(.rela.got)
 *(.rel.sdata .rel.sdata.* .rel.gnu.linkonce.s.*)
 *(.rela.sdata .rela.sdata.* .rela.gnu.linkonce.s.*)
 *(.rel.sbss .rel.sbss.* .rel.gnu.linkonce.sb.*)
 *(.rela.sbss .rela.sbss.* .rela.gnu.linkonce.sb.*)
 *(.rel.sdata2 .rel.sdata2.* .rel.gnu.linkonce.s2.*)
 *(.rela.sdata2 .rela.sdata2.* .rela.gnu.linkonce.s2.*)
 *(.rel.sbss2 .rel.sbss2.* .rel.gnu.linkonce.sb2.*)
 *(.rela.sbss2 .rela.sbss2.* .rela.gnu.linkonce.sb2.*)
 *(.rel.bss .rel.bss.* .rel.gnu.linkonce.b.*)
 *(.rela.bss .rela.bss.* .rela.gnu.linkonce.b.*)
 *(.rel.plt)
 *(.rela.plt)
 *(.rel.dyn)
 *(.init)
 *(.plt)
 *(.text .stub .text.* .gnu.linkonce.t.*)
 .text          0x0000000000008020       0x3c ../hafsa_bsp//obj/HAL/src/crt0.o
                0x0000000000008020                _start
 .text          0x000000000000805c        0x0 obj/default/hello_world_small.o
 .text.startup  0x000000000000805c       0xa0 obj/default/hello_world_small.o
                0x000000000000805c                main
 .text          0x00000000000080fc        0x0 c:/users/hafsa/onedrive/bureau/nios2eds/bin/gnu/h-x86_64-mingw32/bin/../lib/gcc/nios2-elf/5.3.0/../../../../../H-x86_64-mingw32/nios2-elf/lib/mno-hw-mul\libsmallc.a(lib_a-printf.o)
 .text._printf_r
                0x00000000000080fc       0x3c c:/users/hafsa/onedrive/bureau/nios2eds/bin/gnu/h-x86_64-mingw32/bin/../lib/gcc/nios2-elf/5.3.0/../../../../../H-x86_64-mingw32/nios2-elf/lib/mno-hw-mul\libsmallc.a(lib_a-printf.o)
                0x00000000000080fc                _printf_r
 .text.printf   0x0000000000008138       0x4c c:/users/hafsa/onedrive/bureau/nios2eds/bin/gnu/h-x86_64-mingw32/bin/../lib/gcc/nios2-elf/5.3.0/../../../../../H-x86_64-mingw32/nios2-elf/lib/mno-hw-mul\libsmallc.a(lib_a-printf.o)
                0x0000000000008138                printf
 .text          0x0000000000008184        0x0 c:/users/hafsa/onedrive/bureau/nios2eds/bin/gnu/h-x86_64-mingw32/bin/../lib/gcc/nios2-elf/5.3.0/../../../../../H-x86_64-mingw32/nios2-elf/lib/mno-hw-mul\libsmallc.a(lib_a-vfprintf.o)
 .text.print_repeat
                0x0000000000008184       0x6c c:/users/hafsa/onedrive/bureau/nios2eds/bin/gnu/h-x86_64-mingw32/bin/../lib/gcc/nios2-elf/5.3.0/../../../../../H-x86_64-mingw32/nios2-elf/lib/mno-hw-mul\libsmallc.a(lib_a-vfprintf.o)
 .text.___vfprintf_internal_r
                0x00000000000081f0      0x52c c:/users/hafsa/onedrive/bureau/nios2eds/bin/gnu/h-x86_64-mingw32/bin/../lib/gcc/nios2-elf/5.3.0/../../../../../H-x86_64-mingw32/nios2-elf/lib/mno-hw-mul\libsmallc.a(lib_a-vfprintf.o)
                0x00000000000081f0                ___vfprintf_internal_r
 .text.__vfprintf_internal
                0x000000000000871c       0x1c c:/users/hafsa/onedrive/bureau/nios2eds/bin/gnu/h-x86_64-mingw32/bin/../lib/gcc/nios2-elf/5.3.0/../../../../../H-x86_64-mingw32/nios2-elf/lib/mno-hw-mul\libsmallc.a(lib_a-vfprintf.o)
                0x000000000000871c                __vfprintf_internal
 .text          0x0000000000008738        0x0 c:/users/hafsa/onedrive/bureau/nios2eds/bin/gnu/h-x86_64-mingw32/bin/../lib/gcc/nios2-elf/5.3.0/../../../../../H-x86_64-mingw32/nios2-elf/lib/mno-hw-mul\libsmallc.a(lib_a-fvwrite_small_dev.o)
 .text.__sfvwrite_small_dev
                0x0000000000008738       0xb8 c:/users/hafsa/onedrive/bureau/nios2eds/bin/gnu/h-x86_64-mingw32/bin/../lib/gcc/nios2-elf/5.3.0/../../../../../H-x86_64-mingw32/nios2-elf/lib/mno-hw-mul\libsmallc.a(lib_a-fvwrite_small_dev.o)
                0x0000000000008738                __sfvwrite_small_dev
 .text          0x00000000000087f0        0x0 c:/users/hafsa/onedrive/bureau/nios2eds/bin/gnu/h-x86_64-mingw32/bin/../lib/gcc/nios2-elf/5.3.0/../../../../../H-x86_64-mingw32/nios2-elf/lib/mno-hw-mul\libsmallc.a(lib_a-impure.o)
 .text          0x00000000000087f0        0x0 c:/users/hafsa/onedrive/bureau/nios2eds/bin/gnu/h-x86_64-mingw32/bin/../lib/gcc/nios2-elf/5.3.0/../../../../../H-x86_64-mingw32/nios2-elf/lib/mno-hw-mul\libsmallc.a(lib_a-strlen.o)
 .text.strlen   0x00000000000087f0       0x1c c:/users/hafsa/onedrive/bureau/nios2eds/bin/gnu/h-x86_64-mingw32/bin/../lib/gcc/nios2-elf/5.3.0/../../../../../H-x86_64-mingw32/nios2-elf/lib/mno-hw-mul\libsmallc.a(lib_a-strlen.o)
                0x00000000000087f0                strlen
 .text          0x000000000000880c        0x0 c:/users/hafsa/onedrive/bureau/nios2eds/bin/gnu/h-x86_64-mingw32/bin/../lib/gcc/nios2-elf/5.3.0/../../../../../H-x86_64-mingw32/nios2-elf/lib/mno-hw-mul\libsmallc.a(lib_a-writer.o)
 .text._write_r
                0x000000000000880c       0x58 c:/users/hafsa/onedrive/bureau/nios2eds/bin/gnu/h-x86_64-mingw32/bin/../lib/gcc/nios2-elf/5.3.0/../../../../../H-x86_64-mingw32/nios2-elf/lib/mno-hw-mul\libsmallc.a(lib_a-writer.o)
                0x000000000000880c                _write_r
 .text          0x0000000000008864        0x0 c:/users/hafsa/onedrive/bureau/nios2eds/bin/gnu/h-x86_64-mingw32/bin/../lib/gcc/nios2-elf/5.3.0/../../../../../H-x86_64-mingw32/nios2-elf/lib/mno-hw-mul\libsmallc.a(lib_a-int_errno.o)
 .text          0x0000000000008864      0x1b4 c:/users/hafsa/onedrive/bureau/nios2eds/bin/gnu/h-x86_64-mingw32/bin/../lib/gcc/nios2-elf/5.3.0/mno-hw-mul\libgcc.a(lib2-divmod.o)
                0x0000000000008864                __divsi3
                0x00000000000088e8                __modsi3
                0x000000000000895c                __udivsi3
                0x00000000000089c0                __umodsi3
 .text          0x0000000000008a18       0x28 c:/users/hafsa/onedrive/bureau/nios2eds/bin/gnu/h-x86_64-mingw32/bin/../lib/gcc/nios2-elf/5.3.0/mno-hw-mul\libgcc.a(lib2-mul.o)
                0x0000000000008a18                __mulsi3
 .text          0x0000000000008a40       0xe0 ../hafsa_bsp/\libhal_bsp.a(alt_load.o)
                0x0000000000008a40                alt_load
 .text          0x0000000000008b20       0x2c ../hafsa_bsp/\libhal_bsp.a(alt_main.o)
                0x0000000000008b20                alt_main
 .text          0x0000000000008b4c       0x38 ../hafsa_bsp/\libhal_bsp.a(alt_putstr.o)
                0x0000000000008b4c                alt_putstr
 .text          0x0000000000008b84        0x4 ../hafsa_bsp/\libhal_bsp.a(alt_usleep.o)
                0x0000000000008b84                usleep
 .text          0x0000000000008b88       0x60 ../hafsa_bsp/\libhal_bsp.a(alt_write.o)
                0x0000000000008b88                write
 .text          0x0000000000008be8       0x24 ../hafsa_bsp/\libhal_bsp.a(alt_sys_init.o)
                0x0000000000008be8                alt_irq_init
                0x0000000000008c08                alt_sys_init
 .text          0x0000000000008c0c       0x34 ../hafsa_bsp/\libhal_bsp.a(altera_avalon_jtag_uart_write.o)
                0x0000000000008c0c                altera_avalon_jtag_uart_write
 .text          0x0000000000008c40       0x88 ../hafsa_bsp/\libhal_bsp.a(alt_busy_sleep.o)
                0x0000000000008c40                alt_busy_sleep
 .text          0x0000000000008cc8        0x4 ../hafsa_bsp/\libhal_bsp.a(alt_dcache_flush_all.o)
                0x0000000000008cc8                alt_dcache_flush_all
 .text          0x0000000000008ccc        0x0 ../hafsa_bsp/\libhal_bsp.a(alt_errno.o)
 .text          0x0000000000008ccc        0x4 ../hafsa_bsp/\libhal_bsp.a(alt_icache_flush_all.o)
                0x0000000000008ccc                alt_icache_flush_all
 .text          0x0000000000008cd0        0x8 ../hafsa_bsp/\libhal_bsp.a(altera_nios2_gen2_irq.o)
                0x0000000000008cd0                altera_nios2_gen2_irq_init
 *(.gnu.warning.*)
 *(.fini)
                [!provide]                        PROVIDE (__etext, ABSOLUTE (.))
                [!provide]                        PROVIDE (_etext, ABSOLUTE (.))
                [!provide]                        PROVIDE (etext, ABSOLUTE (.))
 *(.eh_frame_hdr)
                0x0000000000008cd8                . = ALIGN (0x4)
                [!provide]                        PROVIDE (__preinit_array_start, ABSOLUTE (.))
 *(.preinit_array)
                [!provide]                        PROVIDE (__preinit_array_end, ABSOLUTE (.))
                [!provide]                        PROVIDE (__init_array_start, ABSOLUTE (.))
 *(.init_array)
                [!provide]                        PROVIDE (__init_array_end, ABSOLUTE (.))
                [!provide]                        PROVIDE (__fini_array_start, ABSOLUTE (.))
 *(.fini_array)
                [!provide]                        PROVIDE (__fini_array_end, ABSOLUTE (.))
 *(.eh_frame)
 *(.gcc_except_table .gcc_except_table.*)
 *(.dynamic)
                [!provide]                        PROVIDE (__CTOR_LIST__, ABSOLUTE (.))
 *(.ctors)
 *(SORT(.ctors.*))
                [!provide]                        PROVIDE (__CTOR_END__, ABSOLUTE (.))
                [!provide]                        PROVIDE (__DTOR_LIST__, ABSOLUTE (.))
 *(.dtors)
 *(SORT(.dtors.*))
                [!provide]                        PROVIDE (__DTOR_END__, ABSOLUTE (.))
 *(.jcr)
                0x0000000000008cd8                . = ALIGN (0x4)

.rodata         0x0000000000008cd8       0x28
                0x0000000000008cd8                PROVIDE (__ram_rodata_start, ABSOLUTE (.))
                0x0000000000008cd8                . = ALIGN (0x4)
 *(.rodata .rodata.* .gnu.linkonce.r.*)
 .rodata.str1.4
                0x0000000000008cd8       0x28 obj/default/hello_world_small.o
                                         0x27 (size before relaxing)
 *(.rodata1)
                0x0000000000008d00                . = ALIGN (0x4)
                0x0000000000008d00                PROVIDE (__ram_rodata_end, ABSOLUTE (.))
                0x0000000000008cd8                PROVIDE (__flash_rodata_start, LOADADDR (.rodata))

.rwdata         0x0000000000008d00       0xf0 load address 0x0000000000008df0
                0x0000000000008d00                PROVIDE (__ram_rwdata_start, ABSOLUTE (.))
                0x0000000000008d00                . = ALIGN (0x4)
 *(.got.plt)
 *(.got)
 *(.data1)
 *(.data .data.* .gnu.linkonce.d.*)
 .data          0x0000000000008d00        0x0 ../hafsa_bsp//obj/HAL/src/crt0.o
 .data          0x0000000000008d00        0x0 obj/default/hello_world_small.o
 .data          0x0000000000008d00        0x0 c:/users/hafsa/onedrive/bureau/nios2eds/bin/gnu/h-x86_64-mingw32/bin/../lib/gcc/nios2-elf/5.3.0/../../../../../H-x86_64-mingw32/nios2-elf/lib/mno-hw-mul\libsmallc.a(lib_a-printf.o)
 .data          0x0000000000008d00        0x0 c:/users/hafsa/onedrive/bureau/nios2eds/bin/gnu/h-x86_64-mingw32/bin/../lib/gcc/nios2-elf/5.3.0/../../../../../H-x86_64-mingw32/nios2-elf/lib/mno-hw-mul\libsmallc.a(lib_a-vfprintf.o)
 .data          0x0000000000008d00        0x0 c:/users/hafsa/onedrive/bureau/nios2eds/bin/gnu/h-x86_64-mingw32/bin/../lib/gcc/nios2-elf/5.3.0/../../../../../H-x86_64-mingw32/nios2-elf/lib/mno-hw-mul\libsmallc.a(lib_a-fvwrite_small_dev.o)
 .data          0x0000000000008d00        0x0 c:/users/hafsa/onedrive/bureau/nios2eds/bin/gnu/h-x86_64-mingw32/bin/../lib/gcc/nios2-elf/5.3.0/../../../../../H-x86_64-mingw32/nios2-elf/lib/mno-hw-mul\libsmallc.a(lib_a-impure.o)
 .data.impure_data
                0x0000000000008d00       0xe0 c:/users/hafsa/onedrive/bureau/nios2eds/bin/gnu/h-x86_64-mingw32/bin/../lib/gcc/nios2-elf/5.3.0/../../../../../H-x86_64-mingw32/nios2-elf/lib/mno-hw-mul\libsmallc.a(lib_a-impure.o)
 .data          0x0000000000008de0        0x0 c:/users/hafsa/onedrive/bureau/nios2eds/bin/gnu/h-x86_64-mingw32/bin/../lib/gcc/nios2-elf/5.3.0/../../../../../H-x86_64-mingw32/nios2-elf/lib/mno-hw-mul\libsmallc.a(lib_a-strlen.o)
 .data          0x0000000000008de0        0x0 c:/users/hafsa/onedrive/bureau/nios2eds/bin/gnu/h-x86_64-mingw32/bin/../lib/gcc/nios2-elf/5.3.0/../../../../../H-x86_64-mingw32/nios2-elf/lib/mno-hw-mul\libsmallc.a(lib_a-writer.o)
 .data          0x0000000000008de0        0x0 c:/users/hafsa/onedrive/bureau/nios2eds/bin/gnu/h-x86_64-mingw32/bin/../lib/gcc/nios2-elf/5.3.0/../../../../../H-x86_64-mingw32/nios2-elf/lib/mno-hw-mul\libsmallc.a(lib_a-int_errno.o)
 .data          0x0000000000008de0        0x0 c:/users/hafsa/onedrive/bureau/nios2eds/bin/gnu/h-x86_64-mingw32/bin/../lib/gcc/nios2-elf/5.3.0/mno-hw-mul\libgcc.a(lib2-divmod.o)
 .data          0x0000000000008de0        0x0 c:/users/hafsa/onedrive/bureau/nios2eds/bin/gnu/h-x86_64-mingw32/bin/../lib/gcc/nios2-elf/5.3.0/mno-hw-mul\libgcc.a(lib2-mul.o)
 .data          0x0000000000008de0        0x0 ../hafsa_bsp/\libhal_bsp.a(alt_load.o)
 .data          0x0000000000008de0        0x0 ../hafsa_bsp/\libhal_bsp.a(alt_main.o)
 .data          0x0000000000008de0        0x0 ../hafsa_bsp/\libhal_bsp.a(alt_putstr.o)
 .data          0x0000000000008de0        0x0 ../hafsa_bsp/\libhal_bsp.a(alt_usleep.o)
 .data          0x0000000000008de0        0x0 ../hafsa_bsp/\libhal_bsp.a(alt_write.o)
 .data          0x0000000000008de0        0x0 ../hafsa_bsp/\libhal_bsp.a(alt_sys_init.o)
 .data          0x0000000000008de0        0x0 ../hafsa_bsp/\libhal_bsp.a(altera_avalon_jtag_uart_write.o)
 .data          0x0000000000008de0        0x0 ../hafsa_bsp/\libhal_bsp.a(alt_busy_sleep.o)
 .data          0x0000000000008de0        0x0 ../hafsa_bsp/\libhal_bsp.a(alt_dcache_flush_all.o)
 .data          0x0000000000008de0        0x0 ../hafsa_bsp/\libhal_bsp.a(alt_errno.o)
 .data          0x0000000000008de0        0x0 ../hafsa_bsp/\libhal_bsp.a(alt_icache_flush_all.o)
 .data          0x0000000000008de0        0x0 ../hafsa_bsp/\libhal_bsp.a(altera_nios2_gen2_irq.o)
                0x0000000000010de0                _gp = ABSOLUTE ((. + 0x8000))
                [!provide]                        PROVIDE (gp, _gp)
 *(.rwdata .rwdata.*)
 *(.sdata .sdata.* .gnu.linkonce.s.*)
 .sdata._global_impure_ptr
                0x0000000000008de0        0x4 c:/users/hafsa/onedrive/bureau/nios2eds/bin/gnu/h-x86_64-mingw32/bin/../lib/gcc/nios2-elf/5.3.0/../../../../../H-x86_64-mingw32/nios2-elf/lib/mno-hw-mul\libsmallc.a(lib_a-impure.o)
                0x0000000000008de0                _global_impure_ptr
 .sdata._impure_ptr
                0x0000000000008de4        0x4 c:/users/hafsa/onedrive/bureau/nios2eds/bin/gnu/h-x86_64-mingw32/bin/../lib/gcc/nios2-elf/5.3.0/../../../../../H-x86_64-mingw32/nios2-elf/lib/mno-hw-mul\libsmallc.a(lib_a-impure.o)
                0x0000000000008de4                _impure_ptr
 .sdata         0x0000000000008de8        0x4 ../hafsa_bsp/\libhal_bsp.a(alt_sys_init.o)
                0x0000000000008de8                jtag_uart_0
 .sdata         0x0000000000008dec        0x4 ../hafsa_bsp/\libhal_bsp.a(alt_errno.o)
                0x0000000000008dec                alt_errno
 *(.sdata2 .sdata2.* .gnu.linkonce.s2.*)
                0x0000000000008df0                . = ALIGN (0x4)
                0x0000000000008df0                _edata = ABSOLUTE (.)
                [!provide]                        PROVIDE (edata, ABSOLUTE (.))
                0x0000000000008df0                PROVIDE (__ram_rwdata_end, ABSOLUTE (.))
                0x0000000000008df0                PROVIDE (__flash_rwdata_start, LOADADDR (.rwdata))

.bss            0x0000000000008ee0       0x14
                0x0000000000008ee0                __bss_start = ABSOLUTE (.)
                [!provide]                        PROVIDE (__sbss_start, ABSOLUTE (.))
                [!provide]                        PROVIDE (___sbss_start, ABSOLUTE (.))
 *(.dynsbss)
 *(.sbss .sbss.* .gnu.linkonce.sb.*)
 .sbss          0x0000000000008ee0        0x4 obj/default/hello_world_small.o
                0x0000000000008ee0                a
 .sbss          0x0000000000008ee4        0x4 c:/users/hafsa/onedrive/bureau/nios2eds/bin/gnu/h-x86_64-mingw32/bin/../lib/gcc/nios2-elf/5.3.0/../../../../../H-x86_64-mingw32/nios2-elf/lib/mno-hw-mul\libsmallc.a(lib_a-int_errno.o)
                0x0000000000008ee4                errno
 .sbss          0x0000000000008ee8        0xc ../hafsa_bsp/\libhal_bsp.a(alt_main.o)
                0x0000000000008ee8                alt_envp
                0x0000000000008eec                alt_argv
                0x0000000000008ef0                alt_argc
 *(.sbss2 .sbss2.* .gnu.linkonce.sb2.*)
 *(.scommon)
                [!provide]                        PROVIDE (__sbss_end, ABSOLUTE (.))
                [!provide]                        PROVIDE (___sbss_end, ABSOLUTE (.))
 *(.dynbss)
 *(.bss .bss.* .gnu.linkonce.b.*)
 .bss           0x0000000000008ef4        0x0 ../hafsa_bsp//obj/HAL/src/crt0.o
 .bss           0x0000000000008ef4        0x0 obj/default/hello_world_small.o
 .bss           0x0000000000008ef4        0x0 c:/users/hafsa/onedrive/bureau/nios2eds/bin/gnu/h-x86_64-mingw32/bin/../lib/gcc/nios2-elf/5.3.0/../../../../../H-x86_64-mingw32/nios2-elf/lib/mno-hw-mul\libsmallc.a(lib_a-printf.o)
 .bss           0x0000000000008ef4        0x0 c:/users/hafsa/onedrive/bureau/nios2eds/bin/gnu/h-x86_64-mingw32/bin/../lib/gcc/nios2-elf/5.3.0/../../../../../H-x86_64-mingw32/nios2-elf/lib/mno-hw-mul\libsmallc.a(lib_a-vfprintf.o)
 .bss           0x0000000000008ef4        0x0 c:/users/hafsa/onedrive/bureau/nios2eds/bin/gnu/h-x86_64-mingw32/bin/../lib/gcc/nios2-elf/5.3.0/../../../../../H-x86_64-mingw32/nios2-elf/lib/mno-hw-mul\libsmallc.a(lib_a-fvwrite_small_dev.o)
 .bss           0x0000000000008ef4        0x0 c:/users/hafsa/onedrive/bureau/nios2eds/bin/gnu/h-x86_64-mingw32/bin/../lib/gcc/nios2-elf/5.3.0/../../../../../H-x86_64-mingw32/nios2-elf/lib/mno-hw-mul\libsmallc.a(lib_a-impure.o)
 .bss           0x0000000000008ef4        0x0 c:/users/hafsa/onedrive/bureau/nios2eds/bin/gnu/h-x86_64-mingw32/bin/../lib/gcc/nios2-elf/5.3.0/../../../../../H-x86_64-mingw32/nios2-elf/lib/mno-hw-mul\libsmallc.a(lib_a-strlen.o)
 .bss           0x0000000000008ef4        0x0 c:/users/hafsa/onedrive/bureau/nios2eds/bin/gnu/h-x86_64-mingw32/bin/../lib/gcc/nios2-elf/5.3.0/../../../../../H-x86_64-mingw32/nios2-elf/lib/mno-hw-mul\libsmallc.a(lib_a-writer.o)
 .bss           0x0000000000008ef4        0x0 c:/users/hafsa/onedrive/bureau/nios2eds/bin/gnu/h-x86_64-mingw32/bin/../lib/gcc/nios2-elf/5.3.0/../../../../../H-x86_64-mingw32/nios2-elf/lib/mno-hw-mul\libsmallc.a(lib_a-int_errno.o)
 .bss           0x0000000000008ef4        0x0 c:/users/hafsa/onedrive/bureau/nios2eds/bin/gnu/h-x86_64-mingw32/bin/../lib/gcc/nios2-elf/5.3.0/mno-hw-mul\libgcc.a(lib2-divmod.o)
 .bss           0x0000000000008ef4        0x0 c:/users/hafsa/onedrive/bureau/nios2eds/bin/gnu/h-x86_64-mingw32/bin/../lib/gcc/nios2-elf/5.3.0/mno-hw-mul\libgcc.a(lib2-mul.o)
 .bss           0x0000000000008ef4        0x0 ../hafsa_bsp/\libhal_bsp.a(alt_load.o)
 .bss           0x0000000000008ef4        0x0 ../hafsa_bsp/\libhal_bsp.a(alt_main.o)
 .bss           0x0000000000008ef4        0x0 ../hafsa_bsp/\libhal_bsp.a(alt_putstr.o)
 .bss           0x0000000000008ef4        0x0 ../hafsa_bsp/\libhal_bsp.a(alt_usleep.o)
 .bss           0x0000000000008ef4        0x0 ../hafsa_bsp/\libhal_bsp.a(alt_write.o)
 .bss           0x0000000000008ef4        0x0 ../hafsa_bsp/\libhal_bsp.a(alt_sys_init.o)
 .bss           0x0000000000008ef4        0x0 ../hafsa_bsp/\libhal_bsp.a(altera_avalon_jtag_uart_write.o)
 .bss           0x0000000000008ef4        0x0 ../hafsa_bsp/\libhal_bsp.a(alt_busy_sleep.o)
 .bss           0x0000000000008ef4        0x0 ../hafsa_bsp/\libhal_bsp.a(alt_dcache_flush_all.o)
 .bss           0x0000000000008ef4        0x0 ../hafsa_bsp/\libhal_bsp.a(alt_errno.o)
 .bss           0x0000000000008ef4        0x0 ../hafsa_bsp/\libhal_bsp.a(alt_icache_flush_all.o)
 .bss           0x0000000000008ef4        0x0 ../hafsa_bsp/\libhal_bsp.a(altera_nios2_gen2_irq.o)
 *(COMMON)
                0x0000000000008ef4                . = ALIGN (0x4)
                0x0000000000008ef4                __bss_end = ABSOLUTE (.)

.memoire        0x0000000000008ef4        0x0
                [!provide]                        PROVIDE (_alt_partition_memoire_start, ABSOLUTE (.))
 *(.memoire .memoire. memoire.*)
                0x0000000000008ef4                . = ALIGN (0x4)
                [!provide]                        PROVIDE (_alt_partition_memoire_end, ABSOLUTE (.))
                0x0000000000008ef4                _end = ABSOLUTE (.)
                0x0000000000008ef4                end = ABSOLUTE (.)
                0x0000000000008ef4                __alt_stack_base = ABSOLUTE (.)
                [!provide]                        PROVIDE (_alt_partition_memoire_load_addr, LOADADDR (.memoire))

.stab
 *(.stab)

.stabstr
 *(.stabstr)

.stab.excl
 *(.stab.excl)

.stab.exclstr
 *(.stab.exclstr)

.stab.index
 *(.stab.index)

.stab.indexstr
 *(.stab.indexstr)

.comment        0x0000000000000000       0x23
 *(.comment)
 .comment       0x0000000000000000       0x23 obj/default/hello_world_small.o
                                         0x24 (size before relaxing)
 .comment       0x0000000000000023       0x24 c:/users/hafsa/onedrive/bureau/nios2eds/bin/gnu/h-x86_64-mingw32/bin/../lib/gcc/nios2-elf/5.3.0/../../../../../H-x86_64-mingw32/nios2-elf/lib/mno-hw-mul\libsmallc.a(lib_a-printf.o)
 .comment       0x0000000000000023       0x24 c:/users/hafsa/onedrive/bureau/nios2eds/bin/gnu/h-x86_64-mingw32/bin/../lib/gcc/nios2-elf/5.3.0/../../../../../H-x86_64-mingw32/nios2-elf/lib/mno-hw-mul\libsmallc.a(lib_a-vfprintf.o)
 .comment       0x0000000000000023       0x24 c:/users/hafsa/onedrive/bureau/nios2eds/bin/gnu/h-x86_64-mingw32/bin/../lib/gcc/nios2-elf/5.3.0/../../../../../H-x86_64-mingw32/nios2-elf/lib/mno-hw-mul\libsmallc.a(lib_a-fvwrite_small_dev.o)
 .comment       0x0000000000000023       0x24 c:/users/hafsa/onedrive/bureau/nios2eds/bin/gnu/h-x86_64-mingw32/bin/../lib/gcc/nios2-elf/5.3.0/../../../../../H-x86_64-mingw32/nios2-elf/lib/mno-hw-mul\libsmallc.a(lib_a-impure.o)
 .comment       0x0000000000000023       0x24 c:/users/hafsa/onedrive/bureau/nios2eds/bin/gnu/h-x86_64-mingw32/bin/../lib/gcc/nios2-elf/5.3.0/../../../../../H-x86_64-mingw32/nios2-elf/lib/mno-hw-mul\libsmallc.a(lib_a-strlen.o)
 .comment       0x0000000000000023       0x24 c:/users/hafsa/onedrive/bureau/nios2eds/bin/gnu/h-x86_64-mingw32/bin/../lib/gcc/nios2-elf/5.3.0/../../../../../H-x86_64-mingw32/nios2-elf/lib/mno-hw-mul\libsmallc.a(lib_a-writer.o)
 .comment       0x0000000000000023       0x24 c:/users/hafsa/onedrive/bureau/nios2eds/bin/gnu/h-x86_64-mingw32/bin/../lib/gcc/nios2-elf/5.3.0/../../../../../H-x86_64-mingw32/nios2-elf/lib/mno-hw-mul\libsmallc.a(lib_a-int_errno.o)
 .comment       0x0000000000000023       0x24 c:/users/hafsa/onedrive/bureau/nios2eds/bin/gnu/h-x86_64-mingw32/bin/../lib/gcc/nios2-elf/5.3.0/mno-hw-mul\libgcc.a(lib2-divmod.o)
 .comment       0x0000000000000023       0x24 c:/users/hafsa/onedrive/bureau/nios2eds/bin/gnu/h-x86_64-mingw32/bin/../lib/gcc/nios2-elf/5.3.0/mno-hw-mul\libgcc.a(lib2-mul.o)
 .comment       0x0000000000000023       0x24 ../hafsa_bsp/\libhal_bsp.a(alt_load.o)
 .comment       0x0000000000000023       0x24 ../hafsa_bsp/\libhal_bsp.a(alt_main.o)
 .comment       0x0000000000000023       0x24 ../hafsa_bsp/\libhal_bsp.a(alt_putstr.o)
 .comment       0x0000000000000023       0x24 ../hafsa_bsp/\libhal_bsp.a(alt_usleep.o)
 .comment       0x0000000000000023       0x24 ../hafsa_bsp/\libhal_bsp.a(alt_write.o)
 .comment       0x0000000000000023       0x24 ../hafsa_bsp/\libhal_bsp.a(alt_sys_init.o)
 .comment       0x0000000000000023       0x24 ../hafsa_bsp/\libhal_bsp.a(altera_avalon_jtag_uart_write.o)
 .comment       0x0000000000000023       0x24 ../hafsa_bsp/\libhal_bsp.a(alt_busy_sleep.o)
 .comment       0x0000000000000023       0x24 ../hafsa_bsp/\libhal_bsp.a(alt_dcache_flush_all.o)
 .comment       0x0000000000000023       0x24 ../hafsa_bsp/\libhal_bsp.a(alt_errno.o)
 .comment       0x0000000000000023       0x24 ../hafsa_bsp/\libhal_bsp.a(alt_icache_flush_all.o)
 .comment       0x0000000000000023       0x24 ../hafsa_bsp/\libhal_bsp.a(altera_nios2_gen2_irq.o)

.debug
 *(.debug)

.line
 *(.line)

.debug_srcinfo
 *(.debug_srcinfo)

.debug_sfnames
 *(.debug_sfnames)

.debug_aranges  0x0000000000000000      0x2e8
 *(.debug_aranges)
 .debug_aranges
                0x0000000000000000       0x28 ../hafsa_bsp//obj/HAL/src/crt0.o
 .debug_aranges
                0x0000000000000028       0x20 obj/default/hello_world_small.o
 .debug_aranges
                0x0000000000000048       0x28 c:/users/hafsa/onedrive/bureau/nios2eds/bin/gnu/h-x86_64-mingw32/bin/../lib/gcc/nios2-elf/5.3.0/../../../../../H-x86_64-mingw32/nios2-elf/lib/mno-hw-mul\libsmallc.a(lib_a-printf.o)
 .debug_aranges
                0x0000000000000070       0x30 c:/users/hafsa/onedrive/bureau/nios2eds/bin/gnu/h-x86_64-mingw32/bin/../lib/gcc/nios2-elf/5.3.0/../../../../../H-x86_64-mingw32/nios2-elf/lib/mno-hw-mul\libsmallc.a(lib_a-vfprintf.o)
 .debug_aranges
                0x00000000000000a0       0x20 c:/users/hafsa/onedrive/bureau/nios2eds/bin/gnu/h-x86_64-mingw32/bin/../lib/gcc/nios2-elf/5.3.0/../../../../../H-x86_64-mingw32/nios2-elf/lib/mno-hw-mul\libsmallc.a(lib_a-fvwrite_small_dev.o)
 .debug_aranges
                0x00000000000000c0       0x18 c:/users/hafsa/onedrive/bureau/nios2eds/bin/gnu/h-x86_64-mingw32/bin/../lib/gcc/nios2-elf/5.3.0/../../../../../H-x86_64-mingw32/nios2-elf/lib/mno-hw-mul\libsmallc.a(lib_a-impure.o)
 .debug_aranges
                0x00000000000000d8       0x20 c:/users/hafsa/onedrive/bureau/nios2eds/bin/gnu/h-x86_64-mingw32/bin/../lib/gcc/nios2-elf/5.3.0/../../../../../H-x86_64-mingw32/nios2-elf/lib/mno-hw-mul\libsmallc.a(lib_a-strlen.o)
 .debug_aranges
                0x00000000000000f8       0x20 c:/users/hafsa/onedrive/bureau/nios2eds/bin/gnu/h-x86_64-mingw32/bin/../lib/gcc/nios2-elf/5.3.0/../../../../../H-x86_64-mingw32/nios2-elf/lib/mno-hw-mul\libsmallc.a(lib_a-writer.o)
 .debug_aranges
                0x0000000000000118       0x18 c:/users/hafsa/onedrive/bureau/nios2eds/bin/gnu/h-x86_64-mingw32/bin/../lib/gcc/nios2-elf/5.3.0/../../../../../H-x86_64-mingw32/nios2-elf/lib/mno-hw-mul\libsmallc.a(lib_a-int_errno.o)
 .debug_aranges
                0x0000000000000130       0x20 c:/users/hafsa/onedrive/bureau/nios2eds/bin/gnu/h-x86_64-mingw32/bin/../lib/gcc/nios2-elf/5.3.0/mno-hw-mul\libgcc.a(lib2-divmod.o)
 .debug_aranges
                0x0000000000000150       0x20 c:/users/hafsa/onedrive/bureau/nios2eds/bin/gnu/h-x86_64-mingw32/bin/../lib/gcc/nios2-elf/5.3.0/mno-hw-mul\libgcc.a(lib2-mul.o)
 .debug_aranges
                0x0000000000000170       0x20 ../hafsa_bsp/\libhal_bsp.a(alt_load.o)
 .debug_aranges
                0x0000000000000190       0x20 ../hafsa_bsp/\libhal_bsp.a(alt_main.o)
 .debug_aranges
                0x00000000000001b0       0x20 ../hafsa_bsp/\libhal_bsp.a(alt_putstr.o)
 .debug_aranges
                0x00000000000001d0       0x20 ../hafsa_bsp/\libhal_bsp.a(alt_usleep.o)
 .debug_aranges
                0x00000000000001f0       0x20 ../hafsa_bsp/\libhal_bsp.a(alt_write.o)
 .debug_aranges
                0x0000000000000210       0x20 ../hafsa_bsp/\libhal_bsp.a(alt_sys_init.o)
 .debug_aranges
                0x0000000000000230       0x20 ../hafsa_bsp/\libhal_bsp.a(altera_avalon_jtag_uart_write.o)
 .debug_aranges
                0x0000000000000250       0x20 ../hafsa_bsp/\libhal_bsp.a(alt_busy_sleep.o)
 .debug_aranges
                0x0000000000000270       0x20 ../hafsa_bsp/\libhal_bsp.a(alt_dcache_flush_all.o)
 .debug_aranges
                0x0000000000000290       0x18 ../hafsa_bsp/\libhal_bsp.a(alt_errno.o)
 .debug_aranges
                0x00000000000002a8       0x20 ../hafsa_bsp/\libhal_bsp.a(alt_icache_flush_all.o)
 .debug_aranges
                0x00000000000002c8       0x20 ../hafsa_bsp/\libhal_bsp.a(altera_nios2_gen2_irq.o)

.debug_pubnames
 *(.debug_pubnames)

.debug_info     0x0000000000000000     0x377e
 *(.debug_info .gnu.linkonce.wi.*)
 .debug_info    0x0000000000000000       0x72 ../hafsa_bsp//obj/HAL/src/crt0.o
 .debug_info    0x0000000000000072      0x123 obj/default/hello_world_small.o
 .debug_info    0x0000000000000195      0x699 c:/users/hafsa/onedrive/bureau/nios2eds/bin/gnu/h-x86_64-mingw32/bin/../lib/gcc/nios2-elf/5.3.0/../../../../../H-x86_64-mingw32/nios2-elf/lib/mno-hw-mul\libsmallc.a(lib_a-printf.o)
 .debug_info    0x000000000000082e      0xb2b c:/users/hafsa/onedrive/bureau/nios2eds/bin/gnu/h-x86_64-mingw32/bin/../lib/gcc/nios2-elf/5.3.0/../../../../../H-x86_64-mingw32/nios2-elf/lib/mno-hw-mul\libsmallc.a(lib_a-vfprintf.o)
 .debug_info    0x0000000000001359      0x62b c:/users/hafsa/onedrive/bureau/nios2eds/bin/gnu/h-x86_64-mingw32/bin/../lib/gcc/nios2-elf/5.3.0/../../../../../H-x86_64-mingw32/nios2-elf/lib/mno-hw-mul\libsmallc.a(lib_a-fvwrite_small_dev.o)
 .debug_info    0x0000000000001984      0x5a9 c:/users/hafsa/onedrive/bureau/nios2eds/bin/gnu/h-x86_64-mingw32/bin/../lib/gcc/nios2-elf/5.3.0/../../../../../H-x86_64-mingw32/nios2-elf/lib/mno-hw-mul\libsmallc.a(lib_a-impure.o)
 .debug_info    0x0000000000001f2d       0xc9 c:/users/hafsa/onedrive/bureau/nios2eds/bin/gnu/h-x86_64-mingw32/bin/../lib/gcc/nios2-elf/5.3.0/../../../../../H-x86_64-mingw32/nios2-elf/lib/mno-hw-mul\libsmallc.a(lib_a-strlen.o)
 .debug_info    0x0000000000001ff6      0x630 c:/users/hafsa/onedrive/bureau/nios2eds/bin/gnu/h-x86_64-mingw32/bin/../lib/gcc/nios2-elf/5.3.0/../../../../../H-x86_64-mingw32/nios2-elf/lib/mno-hw-mul\libsmallc.a(lib_a-writer.o)
 .debug_info    0x0000000000002626       0x8a c:/users/hafsa/onedrive/bureau/nios2eds/bin/gnu/h-x86_64-mingw32/bin/../lib/gcc/nios2-elf/5.3.0/../../../../../H-x86_64-mingw32/nios2-elf/lib/mno-hw-mul\libsmallc.a(lib_a-int_errno.o)
 .debug_info    0x00000000000026b0      0x2c6 c:/users/hafsa/onedrive/bureau/nios2eds/bin/gnu/h-x86_64-mingw32/bin/../lib/gcc/nios2-elf/5.3.0/mno-hw-mul\libgcc.a(lib2-divmod.o)
 .debug_info    0x0000000000002976       0xb4 c:/users/hafsa/onedrive/bureau/nios2eds/bin/gnu/h-x86_64-mingw32/bin/../lib/gcc/nios2-elf/5.3.0/mno-hw-mul\libgcc.a(lib2-mul.o)
 .debug_info    0x0000000000002a2a      0x1c9 ../hafsa_bsp/\libhal_bsp.a(alt_load.o)
 .debug_info    0x0000000000002bf3      0x169 ../hafsa_bsp/\libhal_bsp.a(alt_main.o)
 .debug_info    0x0000000000002d5c      0x13a ../hafsa_bsp/\libhal_bsp.a(alt_putstr.o)
 .debug_info    0x0000000000002e96       0xd1 ../hafsa_bsp/\libhal_bsp.a(alt_usleep.o)
 .debug_info    0x0000000000002f67      0x1c7 ../hafsa_bsp/\libhal_bsp.a(alt_write.o)
 .debug_info    0x000000000000312e      0x185 ../hafsa_bsp/\libhal_bsp.a(alt_sys_init.o)
 .debug_info    0x00000000000032b3      0x197 ../hafsa_bsp/\libhal_bsp.a(altera_avalon_jtag_uart_write.o)
 .debug_info    0x000000000000344a       0xd8 ../hafsa_bsp/\libhal_bsp.a(alt_busy_sleep.o)
 .debug_info    0x0000000000003522       0x92 ../hafsa_bsp/\libhal_bsp.a(alt_dcache_flush_all.o)
 .debug_info    0x00000000000035b4       0xa6 ../hafsa_bsp/\libhal_bsp.a(alt_errno.o)
 .debug_info    0x000000000000365a       0x92 ../hafsa_bsp/\libhal_bsp.a(alt_icache_flush_all.o)
 .debug_info    0x00000000000036ec       0x92 ../hafsa_bsp/\libhal_bsp.a(altera_nios2_gen2_irq.o)

.debug_abbrev   0x0000000000000000     0x13ea
 *(.debug_abbrev)
 .debug_abbrev  0x0000000000000000       0x12 ../hafsa_bsp//obj/HAL/src/crt0.o
 .debug_abbrev  0x0000000000000012       0x8d obj/default/hello_world_small.o
 .debug_abbrev  0x000000000000009f      0x1ee c:/users/hafsa/onedrive/bureau/nios2eds/bin/gnu/h-x86_64-mingw32/bin/../lib/gcc/nios2-elf/5.3.0/../../../../../H-x86_64-mingw32/nios2-elf/lib/mno-hw-mul\libsmallc.a(lib_a-printf.o)
 .debug_abbrev  0x000000000000028d      0x2a1 c:/users/hafsa/onedrive/bureau/nios2eds/bin/gnu/h-x86_64-mingw32/bin/../lib/gcc/nios2-elf/5.3.0/../../../../../H-x86_64-mingw32/nios2-elf/lib/mno-hw-mul\libsmallc.a(lib_a-vfprintf.o)
 .debug_abbrev  0x000000000000052e      0x1bc c:/users/hafsa/onedrive/bureau/nios2eds/bin/gnu/h-x86_64-mingw32/bin/../lib/gcc/nios2-elf/5.3.0/../../../../../H-x86_64-mingw32/nios2-elf/lib/mno-hw-mul\libsmallc.a(lib_a-fvwrite_small_dev.o)
 .debug_abbrev  0x00000000000006ea      0x14a c:/users/hafsa/onedrive/bureau/nios2eds/bin/gnu/h-x86_64-mingw32/bin/../lib/gcc/nios2-elf/5.3.0/../../../../../H-x86_64-mingw32/nios2-elf/lib/mno-hw-mul\libsmallc.a(lib_a-impure.o)
 .debug_abbrev  0x0000000000000834       0x7f c:/users/hafsa/onedrive/bureau/nios2eds/bin/gnu/h-x86_64-mingw32/bin/../lib/gcc/nios2-elf/5.3.0/../../../../../H-x86_64-mingw32/nios2-elf/lib/mno-hw-mul\libsmallc.a(lib_a-strlen.o)
 .debug_abbrev  0x00000000000008b3      0x1a6 c:/users/hafsa/onedrive/bureau/nios2eds/bin/gnu/h-x86_64-mingw32/bin/../lib/gcc/nios2-elf/5.3.0/../../../../../H-x86_64-mingw32/nios2-elf/lib/mno-hw-mul\libsmallc.a(lib_a-writer.o)
 .debug_abbrev  0x0000000000000a59       0x37 c:/users/hafsa/onedrive/bureau/nios2eds/bin/gnu/h-x86_64-mingw32/bin/../lib/gcc/nios2-elf/5.3.0/../../../../../H-x86_64-mingw32/nios2-elf/lib/mno-hw-mul\libsmallc.a(lib_a-int_errno.o)
 .debug_abbrev  0x0000000000000a90      0x10e c:/users/hafsa/onedrive/bureau/nios2eds/bin/gnu/h-x86_64-mingw32/bin/../lib/gcc/nios2-elf/5.3.0/mno-hw-mul\libgcc.a(lib2-divmod.o)
 .debug_abbrev  0x0000000000000b9e       0x6f c:/users/hafsa/onedrive/bureau/nios2eds/bin/gnu/h-x86_64-mingw32/bin/../lib/gcc/nios2-elf/5.3.0/mno-hw-mul\libgcc.a(lib2-mul.o)
 .debug_abbrev  0x0000000000000c0d       0xd8 ../hafsa_bsp/\libhal_bsp.a(alt_load.o)
 .debug_abbrev  0x0000000000000ce5       0xee ../hafsa_bsp/\libhal_bsp.a(alt_main.o)
 .debug_abbrev  0x0000000000000dd3       0xd3 ../hafsa_bsp/\libhal_bsp.a(alt_putstr.o)
 .debug_abbrev  0x0000000000000ea6       0x8d ../hafsa_bsp/\libhal_bsp.a(alt_usleep.o)
 .debug_abbrev  0x0000000000000f33      0x12e ../hafsa_bsp/\libhal_bsp.a(alt_write.o)
 .debug_abbrev  0x0000000000001061      0x107 ../hafsa_bsp/\libhal_bsp.a(alt_sys_init.o)
 .debug_abbrev  0x0000000000001168       0xd5 ../hafsa_bsp/\libhal_bsp.a(altera_avalon_jtag_uart_write.o)
 .debug_abbrev  0x000000000000123d       0x8d ../hafsa_bsp/\libhal_bsp.a(alt_busy_sleep.o)
 .debug_abbrev  0x00000000000012ca       0x42 ../hafsa_bsp/\libhal_bsp.a(alt_dcache_flush_all.o)
 .debug_abbrev  0x000000000000130c       0x5a ../hafsa_bsp/\libhal_bsp.a(alt_errno.o)
 .debug_abbrev  0x0000000000001366       0x42 ../hafsa_bsp/\libhal_bsp.a(alt_icache_flush_all.o)
 .debug_abbrev  0x00000000000013a8       0x42 ../hafsa_bsp/\libhal_bsp.a(altera_nios2_gen2_irq.o)

.debug_line     0x0000000000000000     0x17ae
 *(.debug_line)
 .debug_line    0x0000000000000000       0x66 ../hafsa_bsp//obj/HAL/src/crt0.o
 .debug_line    0x0000000000000066      0x144 obj/default/hello_world_small.o
 .debug_line    0x00000000000001aa      0x203 c:/users/hafsa/onedrive/bureau/nios2eds/bin/gnu/h-x86_64-mingw32/bin/../lib/gcc/nios2-elf/5.3.0/../../../../../H-x86_64-mingw32/nios2-elf/lib/mno-hw-mul\libsmallc.a(lib_a-printf.o)
 .debug_line    0x00000000000003ad      0x351 c:/users/hafsa/onedrive/bureau/nios2eds/bin/gnu/h-x86_64-mingw32/bin/../lib/gcc/nios2-elf/5.3.0/../../../../../H-x86_64-mingw32/nios2-elf/lib/mno-hw-mul\libsmallc.a(lib_a-vfprintf.o)
 .debug_line    0x00000000000006fe      0x1f0 c:/users/hafsa/onedrive/bureau/nios2eds/bin/gnu/h-x86_64-mingw32/bin/../lib/gcc/nios2-elf/5.3.0/../../../../../H-x86_64-mingw32/nios2-elf/lib/mno-hw-mul\libsmallc.a(lib_a-fvwrite_small_dev.o)
 .debug_line    0x00000000000008ee      0x156 c:/users/hafsa/onedrive/bureau/nios2eds/bin/gnu/h-x86_64-mingw32/bin/../lib/gcc/nios2-elf/5.3.0/../../../../../H-x86_64-mingw32/nios2-elf/lib/mno-hw-mul\libsmallc.a(lib_a-impure.o)
 .debug_line    0x0000000000000a44      0x15c c:/users/hafsa/onedrive/bureau/nios2eds/bin/gnu/h-x86_64-mingw32/bin/../lib/gcc/nios2-elf/5.3.0/../../../../../H-x86_64-mingw32/nios2-elf/lib/mno-hw-mul\libsmallc.a(lib_a-strlen.o)
 .debug_line    0x0000000000000ba0      0x1ed c:/users/hafsa/onedrive/bureau/nios2eds/bin/gnu/h-x86_64-mingw32/bin/../lib/gcc/nios2-elf/5.3.0/../../../../../H-x86_64-mingw32/nios2-elf/lib/mno-hw-mul\libsmallc.a(lib_a-writer.o)
 .debug_line    0x0000000000000d8d       0x5f c:/users/hafsa/onedrive/bureau/nios2eds/bin/gnu/h-x86_64-mingw32/bin/../lib/gcc/nios2-elf/5.3.0/../../../../../H-x86_64-mingw32/nios2-elf/lib/mno-hw-mul\libsmallc.a(lib_a-int_errno.o)
 .debug_line    0x0000000000000dec      0x105 c:/users/hafsa/onedrive/bureau/nios2eds/bin/gnu/h-x86_64-mingw32/bin/../lib/gcc/nios2-elf/5.3.0/mno-hw-mul\libgcc.a(lib2-divmod.o)
 .debug_line    0x0000000000000ef1       0x80 c:/users/hafsa/onedrive/bureau/nios2eds/bin/gnu/h-x86_64-mingw32/bin/../lib/gcc/nios2-elf/5.3.0/mno-hw-mul\libgcc.a(lib2-mul.o)
 .debug_line    0x0000000000000f71       0xa4 ../hafsa_bsp/\libhal_bsp.a(alt_load.o)
 .debug_line    0x0000000000001015       0xbd ../hafsa_bsp/\libhal_bsp.a(alt_main.o)
 .debug_line    0x00000000000010d2       0xa8 ../hafsa_bsp/\libhal_bsp.a(alt_putstr.o)
 .debug_line    0x000000000000117a       0xd7 ../hafsa_bsp/\libhal_bsp.a(alt_usleep.o)
 .debug_line    0x0000000000001251      0x17a ../hafsa_bsp/\libhal_bsp.a(alt_write.o)
 .debug_line    0x00000000000013cb      0x101 ../hafsa_bsp/\libhal_bsp.a(alt_sys_init.o)
 .debug_line    0x00000000000014cc       0xf0 ../hafsa_bsp/\libhal_bsp.a(altera_avalon_jtag_uart_write.o)
 .debug_line    0x00000000000015bc       0xb5 ../hafsa_bsp/\libhal_bsp.a(alt_busy_sleep.o)
 .debug_line    0x0000000000001671       0x4e ../hafsa_bsp/\libhal_bsp.a(alt_dcache_flush_all.o)
 .debug_line    0x00000000000016bf       0x51 ../hafsa_bsp/\libhal_bsp.a(alt_errno.o)
 .debug_line    0x0000000000001710       0x4e ../hafsa_bsp/\libhal_bsp.a(alt_icache_flush_all.o)
 .debug_line    0x000000000000175e       0x50 ../hafsa_bsp/\libhal_bsp.a(altera_nios2_gen2_irq.o)

.debug_frame    0x0000000000000000      0x3e4
 *(.debug_frame)
 .debug_frame   0x0000000000000000       0x2c obj/default/hello_world_small.o
 .debug_frame   0x000000000000002c       0x48 c:/users/hafsa/onedrive/bureau/nios2eds/bin/gnu/h-x86_64-mingw32/bin/../lib/gcc/nios2-elf/5.3.0/../../../../../H-x86_64-mingw32/nios2-elf/lib/mno-hw-mul\libsmallc.a(lib_a-printf.o)
 .debug_frame   0x0000000000000074       0x8c c:/users/hafsa/onedrive/bureau/nios2eds/bin/gnu/h-x86_64-mingw32/bin/../lib/gcc/nios2-elf/5.3.0/../../../../../H-x86_64-mingw32/nios2-elf/lib/mno-hw-mul\libsmallc.a(lib_a-vfprintf.o)
 .debug_frame   0x0000000000000100       0x58 c:/users/hafsa/onedrive/bureau/nios2eds/bin/gnu/h-x86_64-mingw32/bin/../lib/gcc/nios2-elf/5.3.0/../../../../../H-x86_64-mingw32/nios2-elf/lib/mno-hw-mul\libsmallc.a(lib_a-fvwrite_small_dev.o)
 .debug_frame   0x0000000000000158       0x20 c:/users/hafsa/onedrive/bureau/nios2eds/bin/gnu/h-x86_64-mingw32/bin/../lib/gcc/nios2-elf/5.3.0/../../../../../H-x86_64-mingw32/nios2-elf/lib/mno-hw-mul\libsmallc.a(lib_a-strlen.o)
 .debug_frame   0x0000000000000178       0x38 c:/users/hafsa/onedrive/bureau/nios2eds/bin/gnu/h-x86_64-mingw32/bin/../lib/gcc/nios2-elf/5.3.0/../../../../../H-x86_64-mingw32/nios2-elf/lib/mno-hw-mul\libsmallc.a(lib_a-writer.o)
 .debug_frame   0x00000000000001b0       0x50 c:/users/hafsa/onedrive/bureau/nios2eds/bin/gnu/h-x86_64-mingw32/bin/../lib/gcc/nios2-elf/5.3.0/mno-hw-mul\libgcc.a(lib2-divmod.o)
 .debug_frame   0x0000000000000200       0x20 c:/users/hafsa/onedrive/bureau/nios2eds/bin/gnu/h-x86_64-mingw32/bin/../lib/gcc/nios2-elf/5.3.0/mno-hw-mul\libgcc.a(lib2-mul.o)
 .debug_frame   0x0000000000000220       0x30 ../hafsa_bsp/\libhal_bsp.a(alt_load.o)
 .debug_frame   0x0000000000000250       0x2c ../hafsa_bsp/\libhal_bsp.a(alt_main.o)
 .debug_frame   0x000000000000027c       0x30 ../hafsa_bsp/\libhal_bsp.a(alt_putstr.o)
 .debug_frame   0x00000000000002ac       0x20 ../hafsa_bsp/\libhal_bsp.a(alt_usleep.o)
 .debug_frame   0x00000000000002cc       0x2c ../hafsa_bsp/\libhal_bsp.a(alt_write.o)
 .debug_frame   0x00000000000002f8       0x3c ../hafsa_bsp/\libhal_bsp.a(alt_sys_init.o)
 .debug_frame   0x0000000000000334       0x20 ../hafsa_bsp/\libhal_bsp.a(altera_avalon_jtag_uart_write.o)
 .debug_frame   0x0000000000000354       0x30 ../hafsa_bsp/\libhal_bsp.a(alt_busy_sleep.o)
 .debug_frame   0x0000000000000384       0x20 ../hafsa_bsp/\libhal_bsp.a(alt_dcache_flush_all.o)
 .debug_frame   0x00000000000003a4       0x20 ../hafsa_bsp/\libhal_bsp.a(alt_icache_flush_all.o)
 .debug_frame   0x00000000000003c4       0x20 ../hafsa_bsp/\libhal_bsp.a(altera_nios2_gen2_irq.o)

.debug_str      0x0000000000000000      0xfc4
 *(.debug_str)
 .debug_str     0x0000000000000000      0x115 obj/default/hello_world_small.o
                                        0x153 (size before relaxing)
 .debug_str     0x0000000000000115      0x431 c:/users/hafsa/onedrive/bureau/nios2eds/bin/gnu/h-x86_64-mingw32/bin/../lib/gcc/nios2-elf/5.3.0/../../../../../H-x86_64-mingw32/nios2-elf/lib/mno-hw-mul\libsmallc.a(lib_a-printf.o)
                                        0x504 (size before relaxing)
 .debug_str     0x0000000000000546      0x1ff c:/users/hafsa/onedrive/bureau/nios2eds/bin/gnu/h-x86_64-mingw32/bin/../lib/gcc/nios2-elf/5.3.0/../../../../../H-x86_64-mingw32/nios2-elf/lib/mno-hw-mul\libsmallc.a(lib_a-vfprintf.o)
                                        0x67f (size before relaxing)
 .debug_str     0x0000000000000745       0x78 c:/users/hafsa/onedrive/bureau/nios2eds/bin/gnu/h-x86_64-mingw32/bin/../lib/gcc/nios2-elf/5.3.0/../../../../../H-x86_64-mingw32/nios2-elf/lib/mno-hw-mul\libsmallc.a(lib_a-fvwrite_small_dev.o)
                                        0x4d4 (size before relaxing)
 .debug_str     0x00000000000007bd       0xef c:/users/hafsa/onedrive/bureau/nios2eds/bin/gnu/h-x86_64-mingw32/bin/../lib/gcc/nios2-elf/5.3.0/../../../../../H-x86_64-mingw32/nios2-elf/lib/mno-hw-mul\libsmallc.a(lib_a-impure.o)
                                        0x4be (size before relaxing)
 .debug_str     0x00000000000008ac       0xd2 c:/users/hafsa/onedrive/bureau/nios2eds/bin/gnu/h-x86_64-mingw32/bin/../lib/gcc/nios2-elf/5.3.0/../../../../../H-x86_64-mingw32/nios2-elf/lib/mno-hw-mul\libsmallc.a(lib_a-strlen.o)
                                        0x1e5 (size before relaxing)
 .debug_str     0x000000000000097e       0x45 c:/users/hafsa/onedrive/bureau/nios2eds/bin/gnu/h-x86_64-mingw32/bin/../lib/gcc/nios2-elf/5.3.0/../../../../../H-x86_64-mingw32/nios2-elf/lib/mno-hw-mul\libsmallc.a(lib_a-writer.o)
                                        0x4b8 (size before relaxing)
 .debug_str     0x00000000000009c3       0x3f c:/users/hafsa/onedrive/bureau/nios2eds/bin/gnu/h-x86_64-mingw32/bin/../lib/gcc/nios2-elf/5.3.0/../../../../../H-x86_64-mingw32/nios2-elf/lib/mno-hw-mul\libsmallc.a(lib_a-int_errno.o)
                                        0x1d8 (size before relaxing)
 .debug_str     0x0000000000000a02      0x187 c:/users/hafsa/onedrive/bureau/nios2eds/bin/gnu/h-x86_64-mingw32/bin/../lib/gcc/nios2-elf/5.3.0/mno-hw-mul\libgcc.a(lib2-divmod.o)
                                        0x1d2 (size before relaxing)
 .debug_str     0x0000000000000b89       0x40 c:/users/hafsa/onedrive/bureau/nios2eds/bin/gnu/h-x86_64-mingw32/bin/../lib/gcc/nios2-elf/5.3.0/mno-hw-mul\libgcc.a(lib2-mul.o)
                                        0x193 (size before relaxing)
 .debug_str     0x0000000000000bc9      0x159 ../hafsa_bsp/\libhal_bsp.a(alt_load.o)
                                        0x240 (size before relaxing)
 .debug_str     0x0000000000000d22       0x8a ../hafsa_bsp/\libhal_bsp.a(alt_main.o)
                                        0x1b9 (size before relaxing)
 .debug_str     0x0000000000000dac       0x5f ../hafsa_bsp/\libhal_bsp.a(alt_putstr.o)
                                        0x196 (size before relaxing)
 .debug_str     0x0000000000000e0b       0x2f ../hafsa_bsp/\libhal_bsp.a(alt_usleep.o)
                                        0x15b (size before relaxing)
 .debug_str     0x0000000000000e3a       0x2c ../hafsa_bsp/\libhal_bsp.a(alt_write.o)
                                        0x1e4 (size before relaxing)
 .debug_str     0x0000000000000e66       0x86 ../hafsa_bsp/\libhal_bsp.a(alt_sys_init.o)
                                        0x22a (size before relaxing)
 .debug_str     0x0000000000000eec       0x33 ../hafsa_bsp/\libhal_bsp.a(altera_avalon_jtag_uart_write.o)
                                        0x219 (size before relaxing)
 .debug_str     0x0000000000000f1f       0x33 ../hafsa_bsp/\libhal_bsp.a(alt_busy_sleep.o)
                                        0x16f (size before relaxing)
 .debug_str     0x0000000000000f52       0x1f ../hafsa_bsp/\libhal_bsp.a(alt_dcache_flush_all.o)
                                        0x159 (size before relaxing)
 .debug_str     0x0000000000000f71       0x14 ../hafsa_bsp/\libhal_bsp.a(alt_errno.o)
                                        0x149 (size before relaxing)
 .debug_str     0x0000000000000f85       0x1f ../hafsa_bsp/\libhal_bsp.a(alt_icache_flush_all.o)
                                        0x159 (size before relaxing)
 .debug_str     0x0000000000000fa4       0x20 ../hafsa_bsp/\libhal_bsp.a(altera_nios2_gen2_irq.o)
                                        0x160 (size before relaxing)

.debug_loc      0x0000000000000000     0x1388
 *(.debug_loc)
 .debug_loc     0x0000000000000000       0xc6 c:/users/hafsa/onedrive/bureau/nios2eds/bin/gnu/h-x86_64-mingw32/bin/../lib/gcc/nios2-elf/5.3.0/../../../../../H-x86_64-mingw32/nios2-elf/lib/mno-hw-mul\libsmallc.a(lib_a-printf.o)
 .debug_loc     0x00000000000000c6      0x954 c:/users/hafsa/onedrive/bureau/nios2eds/bin/gnu/h-x86_64-mingw32/bin/../lib/gcc/nios2-elf/5.3.0/../../../../../H-x86_64-mingw32/nios2-elf/lib/mno-hw-mul\libsmallc.a(lib_a-vfprintf.o)
 .debug_loc     0x0000000000000a1a      0x110 c:/users/hafsa/onedrive/bureau/nios2eds/bin/gnu/h-x86_64-mingw32/bin/../lib/gcc/nios2-elf/5.3.0/../../../../../H-x86_64-mingw32/nios2-elf/lib/mno-hw-mul\libsmallc.a(lib_a-fvwrite_small_dev.o)
 .debug_loc     0x0000000000000b2a       0x1e c:/users/hafsa/onedrive/bureau/nios2eds/bin/gnu/h-x86_64-mingw32/bin/../lib/gcc/nios2-elf/5.3.0/../../../../../H-x86_64-mingw32/nios2-elf/lib/mno-hw-mul\libsmallc.a(lib_a-strlen.o)
 .debug_loc     0x0000000000000b48       0xa5 c:/users/hafsa/onedrive/bureau/nios2eds/bin/gnu/h-x86_64-mingw32/bin/../lib/gcc/nios2-elf/5.3.0/../../../../../H-x86_64-mingw32/nios2-elf/lib/mno-hw-mul\libsmallc.a(lib_a-writer.o)
 .debug_loc     0x0000000000000bed      0x4ce c:/users/hafsa/onedrive/bureau/nios2eds/bin/gnu/h-x86_64-mingw32/bin/../lib/gcc/nios2-elf/5.3.0/mno-hw-mul\libgcc.a(lib2-divmod.o)
 .debug_loc     0x00000000000010bb       0x93 c:/users/hafsa/onedrive/bureau/nios2eds/bin/gnu/h-x86_64-mingw32/bin/../lib/gcc/nios2-elf/5.3.0/mno-hw-mul\libgcc.a(lib2-mul.o)
 .debug_loc     0x000000000000114e       0x37 ../hafsa_bsp/\libhal_bsp.a(alt_putstr.o)
 .debug_loc     0x0000000000001185       0x21 ../hafsa_bsp/\libhal_bsp.a(alt_usleep.o)
 .debug_loc     0x00000000000011a6       0xcf ../hafsa_bsp/\libhal_bsp.a(alt_write.o)
 .debug_loc     0x0000000000001275       0x21 ../hafsa_bsp/\libhal_bsp.a(alt_sys_init.o)
 .debug_loc     0x0000000000001296       0x8b ../hafsa_bsp/\libhal_bsp.a(altera_avalon_jtag_uart_write.o)
 .debug_loc     0x0000000000001321       0x67 ../hafsa_bsp/\libhal_bsp.a(alt_busy_sleep.o)

.debug_macinfo
 *(.debug_macinfo)

.debug_weaknames
 *(.debug_weaknames)

.debug_funcnames
 *(.debug_funcnames)

.debug_typenames
 *(.debug_typenames)

.debug_varnames
 *(.debug_varnames)

.debug_alt_sim_info
                0x0000000000000000       0x40
 *(.debug_alt_sim_info)
 .debug_alt_sim_info
                0x0000000000000000       0x10 ../hafsa_bsp//obj/HAL/src/crt0.o
 .debug_alt_sim_info
                0x0000000000000010       0x30 ../hafsa_bsp/\libhal_bsp.a(alt_busy_sleep.o)
                0x000000000000d000                __alt_data_end = 0xd000
                0x000000000000d000                PROVIDE (__alt_stack_pointer, __alt_data_end)
                [!provide]                        PROVIDE (__alt_stack_limit, __alt_stack_base)
                [!provide]                        PROVIDE (__alt_heap_start, end)
                [!provide]                        PROVIDE (__alt_heap_limit, 0xd000)
OUTPUT(hafsa.elf elf32-littlenios2)

.debug_ranges   0x0000000000000000      0x220
 .debug_ranges  0x0000000000000000       0x20 ../hafsa_bsp//obj/HAL/src/crt0.o
 .debug_ranges  0x0000000000000020       0x10 obj/default/hello_world_small.o
 .debug_ranges  0x0000000000000030       0x18 c:/users/hafsa/onedrive/bureau/nios2eds/bin/gnu/h-x86_64-mingw32/bin/../lib/gcc/nios2-elf/5.3.0/../../../../../H-x86_64-mingw32/nios2-elf/lib/mno-hw-mul\libsmallc.a(lib_a-printf.o)
 .debug_ranges  0x0000000000000048       0xc8 c:/users/hafsa/onedrive/bureau/nios2eds/bin/gnu/h-x86_64-mingw32/bin/../lib/gcc/nios2-elf/5.3.0/../../../../../H-x86_64-mingw32/nios2-elf/lib/mno-hw-mul\libsmallc.a(lib_a-vfprintf.o)
 .debug_ranges  0x0000000000000110       0x28 c:/users/hafsa/onedrive/bureau/nios2eds/bin/gnu/h-x86_64-mingw32/bin/../lib/gcc/nios2-elf/5.3.0/../../../../../H-x86_64-mingw32/nios2-elf/lib/mno-hw-mul\libsmallc.a(lib_a-fvwrite_small_dev.o)
 .debug_ranges  0x0000000000000138       0x10 c:/users/hafsa/onedrive/bureau/nios2eds/bin/gnu/h-x86_64-mingw32/bin/../lib/gcc/nios2-elf/5.3.0/../../../../../H-x86_64-mingw32/nios2-elf/lib/mno-hw-mul\libsmallc.a(lib_a-strlen.o)
 .debug_ranges  0x0000000000000148       0x10 c:/users/hafsa/onedrive/bureau/nios2eds/bin/gnu/h-x86_64-mingw32/bin/../lib/gcc/nios2-elf/5.3.0/../../../../../H-x86_64-mingw32/nios2-elf/lib/mno-hw-mul\libsmallc.a(lib_a-writer.o)
 .debug_ranges  0x0000000000000158       0x60 c:/users/hafsa/onedrive/bureau/nios2eds/bin/gnu/h-x86_64-mingw32/bin/../lib/gcc/nios2-elf/5.3.0/mno-hw-mul\libgcc.a(lib2-divmod.o)
 .debug_ranges  0x00000000000001b8       0x48 ../hafsa_bsp/\libhal_bsp.a(alt_load.o)
 .debug_ranges  0x0000000000000200       0x20 ../hafsa_bsp/\libhal_bsp.a(alt_write.o)
